// Jest Snapshot v1, https://goo.gl/fbAQLP

exports[`<Input /> should render a Input 1`] = `
<div
  className="row"
>
  <input
    id="name"
    name="name"
    onChange={[MockFunction]}
    placeholder="Name"
    type="text"
    value="Dubai"
  />
</div>
`;
