// Jest Snapshot v1, https://goo.gl/fbAQLP

exports[`Loadable should render a Home page 1`] = `<Component />`;
